8380_crd_ak991x_display.json
8380_crd_ak991x_keyboard.json
8380_crd_lsm6dsv_display.json
8380_crd_lsm6dsv_keyboard.json
8380_crd_tcs3430_0.json
8380_crd_tmd2755.json
8380_dynamic_sensors.json
8380_idp_ak991x_0.json
8380_idp_ak991x_1.json
8380_idp_lsm6dsv_0.json
8380_idp_lsm6dsv_1.json
8380_idp_tcs3430_0.json
8380_idp_tmd2755.json
8380_irq.json
8380_lps22df_0.json
8380_power_0.json
8380_qsh_ble_0.json
ak991x_dri_0.json
ak991x_dri_1.json
default_sensors.json
disable_mdsp_clients_cm.json
lsm6dsv_0.json
lsm6dsv_0_16g.json
lsm6dsv_1.json
lsm6dsv_1_16g.json
qsh_ble.json
sns_amd.json
sns_amd_sw_disabled.json
sns_amd_sw_enabled.json
sns_aont.json
sns_ccd.json
sns_cm.json
sns_dae.json
sns_device_orient.json
sns_diag_filter.json
sns_direct_channel.json
sns_distance_bound.json
sns_dpc.json
sns_fmv.json
sns_geomag_rv.json
sns_gyro_cal.json
sns_mag_cal.json
sns_rmd.json
sns_rotv.json
sns_sim.json
sns_smd.json
sns_tilt.json
sns_tilt_sw_disabled.json
sns_tilt_sw_enabled.json
sns_tilt_to_wake.json
sns_transport_ppe.json
stm_lid_angle.json
tmd2755.json
qsh_camera.json
qsh_camera_imx688_2.json
qsh_camera_ov08x_2.json
qsh_camera_ov08x_3.json









